[INFO] Scanning for projects...
[INFO] 
[INFO] -------------------------< com.tech:subsphere >-------------------------
[INFO] Building  0.0.1-SNAPSHOT
[INFO]   from pom.xml
[INFO] --------------------------------[ jar ]---------------------------------
[INFO] 
[INFO] --- clean:3.5.0:clean (default-clean) @ subsphere ---
[INFO] Deleting D:\java\subsphere\target
[INFO] 
[INFO] --- resources:3.3.1:resources (default-resources) @ subsphere ---
[INFO] Copying 1 resource from src\main\resources to target\classes
[INFO] Copying 0 resource from src\main\resources to target\classes
[INFO] 
[INFO] --- compiler:3.14.1:compile (default-compile) @ subsphere ---
[INFO] Recompiling the module because of changed source code.
[INFO] Compiling 16 source files with javac [debug parameters release 17] to target\classes
[INFO] -------------------------------------------------------------
[ERROR] COMPILATION ERROR : 
[INFO] -------------------------------------------------------------
[ERROR] /D:/java/subsphere/src/main/java/com/tech/subsphere/config/SecurityConfig.java:[12,53] cannot find symbol
  symbol:   class AntPathRequestMatcher
  location: package org.springframework.security.web.util.matcher
[INFO] 1 error
[INFO] -------------------------------------------------------------
[INFO] ------------------------------------------------------------------------
[INFO] BUILD FAILURE
[INFO] ------------------------------------------------------------------------
[INFO] Total time:  5.800 s
[INFO] Finished at: 2026-04-02T12:54:02+05:30
[INFO] ------------------------------------------------------------------------
[ERROR] Failed to execute goal org.apache.maven.plugins:maven-compiler-plugin:3.14.1:compile (default-compile) on project subsphere: Compilation failure
[ERROR] /D:/java/subsphere/src/main/java/com/tech/subsphere/config/SecurityConfig.java:[12,53] cannot find symbol
[ERROR]   symbol:   class AntPathRequestMatcher
[ERROR]   location: package org.springframework.security.web.util.matcher
[ERROR] 
[ERROR] -> [Help 1]
[ERROR] 
[ERROR] To see the full stack trace of the errors, re-run Maven with the -e switch.
[ERROR] Re-run Maven using the -X switch to enable full debug logging.
[ERROR] 
[ERROR] For more information about the errors and possible solutions, please read the following articles:
[ERROR] [Help 1] http://cwiki.apache.org/confluence/display/MAVEN/MojoFailureException
